// Jest Snapshot v1, https://goo.gl/fbAQLP

exports[`renders the application correctly (snapshot test) 1`] = `
<div>
  <div
    class="app flex items-center flex-column justify-center h-100"
  >
    <div
      class="bg-white shadow-x-1 tc br3 ba b--light-silver overflow-hidden"
    >
      <div
        class="bg-light-gray flex tb-padding"
      >
        <div
          class="flex-auto relative"
        >
          <div
            style="display: inline;"
          >
            <span
              class="visually-hidden"
              id="emoji_btn_label"
            >
              Choose an emoji
            </span>
            <button
              aria-expanded="false"
              aria-haspopup="listbox"
              aria-labelledby="emoji_btn_label exp_button"
              class="br2 fl pointer b--light-silver ep-btn"
              id="exp_button"
              tabindex="0"
            >
              ðŸ˜€
            </button>
          </div>
          <button
            class="ba br2 b--light-silver pointer dib fl overflow-hidden ep-ctrl "
          >
            <img
              alt="brush"
              class="h-100"
              src="brush.png"
            />
          </button>
          <button
            class="ba br2 b--light-silver pointer dib fl overflow-hidden ep-ctrl "
          >
            <img
              alt="eraser"
              class="h-100"
              src="eraser.png"
            />
          </button>
        </div>
        <div>
          <label
            class="emoji-paint__dimension b ml3"
          >
            Width
            <input
              class="ml2 f6 ba b--light-silver br2 tc tb-ctrl-size"
              max="30"
              min="1"
              type="number"
              value="10"
            />
          </label>
          <label
            class="emoji-paint__dimension b ml3"
          >
            Height
            <input
              class="ml2 f6 ba b--light-silver br2 tc tb-ctrl-size"
              max="20"
              min="1"
              type="number"
              value="8"
            />
          </label>
          <div
            class="dark-red pt2 tl"
          >
            <div
              aria-live="polite"
            />
            <div
              aria-live="polite"
            />
          </div>
        </div>
      </div>
      <div
        aria-live="polite"
        class="pb3"
        style="background: rgb(249, 249, 249);"
      />
      <div
        class="ma3 br3 dib b--gray not-allowed"
        data-testid="grid"
      >
        <div
          class="flex"
          data-testid="row-0"
        >
          <span
            aria-label="blank emoji"
            class="pa1 usn cell"
            data-testid="cell-0-0"
            role="img"
          />
          <span
            aria-label="blank emoji"
            class="pa1 usn cell"
            data-testid="cell-0-1"
            role="img"
          />
          <span
            aria-label="blank emoji"
            class="pa1 usn cell"
            data-testid="cell-0-2"
            role="img"
          />
          <span
            aria-label="blank emoji"
            class="pa1 usn cell"
            data-testid="cell-0-3"
            role="img"
          />
          <span
            aria-label="blank emoji"
            class="pa1 usn cell"
            data-testid="cell-0-4"
            role="img"
          />
          <span
            aria-label="blank emoji"
            class="pa1 usn cell"
            data-testid="cell-0-5"
            role="img"
          />
          <span
            aria-label="blank emoji"
            class="pa1 usn cell"
            data-testid="cell-0-6"
            role="img"
          />
          <span
            aria-label="blank emoji"
            class="pa1 usn cell"
            data-testid="cell-0-7"
            role="img"
          />
          <span
            aria-label="blank emoji"
            class="pa1 usn cell"
            data-testid="cell-0-8"
            role="img"
          />
          <span
            aria-label="blank emoji"
            class="pa1 usn cell"
            data-testid="cell-0-9"
            role="img"
          />
        </div>
        <div
          class="flex"
          data-testid="row-1"
        >
          <span
            aria-label="blank emoji"
            class="pa1 usn cell"
            data-testid="cell-1-0"
            role="img"
          />
          <span
            aria-label="blank emoji"
            class="pa1 usn cell"
            data-testid="cell-1-1"
            role="img"
          />
          <span
            aria-label="blank emoji"
            class="pa1 usn cell"
            data-testid="cell-1-2"
            role="img"
          />
          <span
            aria-label="blank emoji"
            class="pa1 usn cell"
            data-testid="cell-1-3"
            role="img"
          />
          <span
            aria-label="blank emoji"
            class="pa1 usn cell"
            data-testid="cell-1-4"
            role="img"
          />
          <span
            aria-label="blank emoji"
            class="pa1 usn cell"
            data-testid="cell-1-5"
            role="img"
          />
          <span
            aria-label="blank emoji"
            class="pa1 usn cell"
            data-testid="cell-1-6"
            role="img"
          />
          <span
            aria-label="blank emoji"
            class="pa1 usn cell"
            data-testid="cell-1-7"
            role="img"
          />
          <span
            aria-label="blank emoji"
            class="pa1 usn cell"
            data-testid="cell-1-8"
            role="img"
          />
          <span
            aria-label="blank emoji"
            class="pa1 usn cell"
            data-testid="cell-1-9"
            role="img"
          />
        </div>
        <div
          class="flex"
          data-testid="row-2"
        >
          <span
            aria-label="blank emoji"
            class="pa1 usn cell"
            data-testid="cell-2-0"
            role="img"
          />
          <span
            aria-label="blank emoji"
            class="pa1 usn cell"
            data-testid="cell-2-1"
            role="img"
          />
          <span
            aria-label="blank emoji"
            class="pa1 usn cell"
            data-testid="cell-2-2"
            role="img"
          />
          <span
            aria-label="blank emoji"
            class="pa1 usn cell"
            data-testid="cell-2-3"
            role="img"
          />
          <span
            aria-label="blank emoji"
            class="pa1 usn cell"
            data-testid="cell-2-4"
            role="img"
          />
          <span
            aria-label="blank emoji"
            class="pa1 usn cell"
            data-testid="cell-2-5"
            role="img"
          />
          <span
            aria-label="blank emoji"
            class="pa1 usn cell"
            data-testid="cell-2-6"
            role="img"
          />
          <span
            aria-label="blank emoji"
            class="pa1 usn cell"
            data-testid="cell-2-7"
            role="img"
          />
          <span
            aria-label="blank emoji"
            class="pa1 usn cell"
            data-testid="cell-2-8"
            role="img"
          />
          <span
            aria-label="blank emoji"
            class="pa1 usn cell"
            data-testid="cell-2-9"
            role="img"
          />
        </div>
        <div
          class="flex"
          data-testid="row-3"
        >
          <span
            aria-label="blank emoji"
            class="pa1 usn cell"
            data-testid="cell-3-0"
            role="img"
          />
          <span
            aria-label="blank emoji"
            class="pa1 usn cell"
            data-testid="cell-3-1"
            role="img"
          />
          <span
            aria-label="blank emoji"
            class="pa1 usn cell"
            data-testid="cell-3-2"
            role="img"
          />
          <span
            aria-label="blank emoji"
            class="pa1 usn cell"
            data-testid="cell-3-3"
            role="img"
          />
          <span
            aria-label="blank emoji"
            class="pa1 usn cell"
            data-testid="cell-3-4"
            role="img"
          />
          <span
            aria-label="blank emoji"
            class="pa1 usn cell"
            data-testid="cell-3-5"
            role="img"
          />
          <span
            aria-label="blank emoji"
            class="pa1 usn cell"
            data-testid="cell-3-6"
            role="img"
          />
          <span
            aria-label="blank emoji"
            class="pa1 usn cell"
            data-testid="cell-3-7"
            role="img"
          />
          <span
            aria-label="blank emoji"
            class="pa1 usn cell"
            data-testid="cell-3-8"
            role="img"
          />
          <span
            aria-label="blank emoji"
            class="pa1 usn cell"
            data-testid="cell-3-9"
            role="img"
          />
        </div>
        <div
          class="flex"
          data-testid="row-4"
        >
          <span
            aria-label="blank emoji"
            class="pa1 usn cell"
            data-testid="cell-4-0"
            role="img"
          />
          <span
            aria-label="blank emoji"
            class="pa1 usn cell"
            data-testid="cell-4-1"
            role="img"
          />
          <span
            aria-label="blank emoji"
            class="pa1 usn cell"
            data-testid="cell-4-2"
            role="img"
          />
          <span
            aria-label="blank emoji"
            class="pa1 usn cell"
            data-testid="cell-4-3"
            role="img"
          />
          <span
            aria-label="blank emoji"
            class="pa1 usn cell"
            data-testid="cell-4-4"
            role="img"
          />
          <span
            aria-label="blank emoji"
            class="pa1 usn cell"
            data-testid="cell-4-5"
            role="img"
          />
          <span
            aria-label="blank emoji"
            class="pa1 usn cell"
            data-testid="cell-4-6"
            role="img"
          />
          <span
            aria-label="blank emoji"
            class="pa1 usn cell"
            data-testid="cell-4-7"
            role="img"
          />
          <span
            aria-label="blank emoji"
            class="pa1 usn cell"
            data-testid="cell-4-8"
            role="img"
          />
          <span
            aria-label="blank emoji"
            class="pa1 usn cell"
            data-testid="cell-4-9"
            role="img"
          />
        </div>
        <div
          class="flex"
          data-testid="row-5"
        >
          <span
            aria-label="blank emoji"
            class="pa1 usn cell"
            data-testid="cell-5-0"
            role="img"
          />
          <span
            aria-label="blank emoji"
            class="pa1 usn cell"
            data-testid="cell-5-1"
            role="img"
          />
          <span
            aria-label="blank emoji"
            class="pa1 usn cell"
            data-testid="cell-5-2"
            role="img"
          />
          <span
            aria-label="blank emoji"
            class="pa1 usn cell"
            data-testid="cell-5-3"
            role="img"
          />
          <span
            aria-label="blank emoji"
            class="pa1 usn cell"
            data-testid="cell-5-4"
            role="img"
          />
          <span
            aria-label="blank emoji"
            class="pa1 usn cell"
            data-testid="cell-5-5"
            role="img"
          />
          <span
            aria-label="blank emoji"
            class="pa1 usn cell"
            data-testid="cell-5-6"
            role="img"
          />
          <span
            aria-label="blank emoji"
            class="pa1 usn cell"
            data-testid="cell-5-7"
            role="img"
          />
          <span
            aria-label="blank emoji"
            class="pa1 usn cell"
            data-testid="cell-5-8"
            role="img"
          />
          <span
            aria-label="blank emoji"
            class="pa1 usn cell"
            data-testid="cell-5-9"
            role="img"
          />
        </div>
        <div
          class="flex"
          data-testid="row-6"
        >
          <span
            aria-label="blank emoji"
            class="pa1 usn cell"
            data-testid="cell-6-0"
            role="img"
          />
          <span
            aria-label="blank emoji"
            class="pa1 usn cell"
            data-testid="cell-6-1"
            role="img"
          />
          <span
            aria-label="blank emoji"
            class="pa1 usn cell"
            data-testid="cell-6-2"
            role="img"
          />
          <span
            aria-label="blank emoji"
            class="pa1 usn cell"
            data-testid="cell-6-3"
            role="img"
          />
          <span
            aria-label="blank emoji"
            class="pa1 usn cell"
            data-testid="cell-6-4"
            role="img"
          />
          <span
            aria-label="blank emoji"
            class="pa1 usn cell"
            data-testid="cell-6-5"
            role="img"
          />
          <span
            aria-label="blank emoji"
            class="pa1 usn cell"
            data-testid="cell-6-6"
            role="img"
          />
          <span
            aria-label="blank emoji"
            class="pa1 usn cell"
            data-testid="cell-6-7"
            role="img"
          />
          <span
            aria-label="blank emoji"
            class="pa1 usn cell"
            data-testid="cell-6-8"
            role="img"
          />
          <span
            aria-label="blank emoji"
            class="pa1 usn cell"
            data-testid="cell-6-9"
            role="img"
          />
        </div>
        <div
          class="flex"
          data-testid="row-7"
        >
          <span
            aria-label="blank emoji"
            class="pa1 usn cell"
            data-testid="cell-7-0"
            role="img"
          />
          <span
            aria-label="blank emoji"
            class="pa1 usn cell"
            data-testid="cell-7-1"
            role="img"
          />
          <span
            aria-label="blank emoji"
            class="pa1 usn cell"
            data-testid="cell-7-2"
            role="img"
          />
          <span
            aria-label="blank emoji"
            class="pa1 usn cell"
            data-testid="cell-7-3"
            role="img"
          />
          <span
            aria-label="blank emoji"
            class="pa1 usn cell"
            data-testid="cell-7-4"
            role="img"
          />
          <span
            aria-label="blank emoji"
            class="pa1 usn cell"
            data-testid="cell-7-5"
            role="img"
          />
          <span
            aria-label="blank emoji"
            class="pa1 usn cell"
            data-testid="cell-7-6"
            role="img"
          />
          <span
            aria-label="blank emoji"
            class="pa1 usn cell"
            data-testid="cell-7-7"
            role="img"
          />
          <span
            aria-label="blank emoji"
            class="pa1 usn cell"
            data-testid="cell-7-8"
            role="img"
          />
          <span
            aria-label="blank emoji"
            class="pa1 usn cell"
            data-testid="cell-7-9"
            role="img"
          />
        </div>
      </div>
      <div
        class="flex justify-end mh3"
      >
        <button
          class="ph3 br2 fw5 pointer b--light-silver"
        >
          Clear
        </button>
        <button
          class="f6 fw6 ml2 white ph3 pv3 bn br2 pointer bg-light-green"
        >
          Copy to clipboard
        </button>
      </div>
      <div
        class="pa3"
      >
        <span>
          Learn how to add a 
          <em>
            :blank:
          </em>
           emoji to your Slack workspace
           
          <a
            class="link bg-animate hover-bg-lightest-blue"
            href="https://get.slack.help/hc/en-us/articles/206870177-Add-custom-emoji"
          >
            here!
          </a>
        </span>
      </div>
    </div>
  </div>
</div>
`;
